src/screens/DashboardScreen.tsx(61,45): error TS2345: Argument of type '(value: unknown) => void' is not assignable to parameter of type '() => void'.
  Target signature provides too few arguments. Expected 1 or more, but got 0.
